[Thu May 13 21:20:32.776518 2021] [:error] [pid 27840:tid 47732720097024] [client 143.198.96.136:54022] File does not exist: /var/www/html/system_api.php
[Thu May 13 21:20:33.115056 2021] [proxy_fcgi:error] [pid 27929:tid 47732825851648] [client 143.198.96.136:53980] AH01071: Got error 'Primary script unknown\n'
[Thu May 13 21:20:35.025610 2021] [:error] [pid 27840:tid 47732792231680] [client 143.198.96.136:55530] File does not exist: /var/www/html/system_api.php
[Thu May 13 21:20:35.275242 2021] [proxy_fcgi:error] [pid 27929:tid 47732821649152] [client 143.198.96.136:55434] AH01071: Got error 'Primary script unknown\n'
[ E 2021-05-14 06:08:39.3103 27751/Tb age/Cor/TelemetryCollector.h:455 ]: Error contacting anonymous telemetry server: Could not resolve host: anontelemetry.phusionpassenger.com
[Fri May 14 22:14:17.025675 2021] [proxy_fcgi:error] [pid 27929:tid 47732834256640] [client 52.192.73.251:58805] AH01071: Got error 'Primary script unknown\n'
[Sat May 15 03:55:18.004973 2021] [:error] [pid 28257:tid 47732792231680] [client 52.179.168.68:58198] File does not exist: /var/www/html/xmlrpc.php
[Sat May 15 12:37:21.520062 2021] [mpm_worker:notice] [pid 1469:tid 47732432081984] AH00297: SIGUSR1 received.  Doing graceful restart

[ N 2021-05-15 12:37:21.5719 27751/T6 age/Cor/CoreMain.cpp:671 ]: Signal received. Gracefully shutting down... (send signal 2 more time(s) to force shutdown)
[ N 2021-05-15 12:37:21.5719 27751/T1 age/Cor/CoreMain.cpp:1246 ]: Received command to shutdown gracefully. Waiting until all clients have disconnected...
[ N 2021-05-15 12:37:21.5722 27751/T9 Ser/Server.h:902 ]: [ServerThr.2] Freed 0 spare client objects
[ N 2021-05-15 12:37:21.5722 27751/T9 Ser/Server.h:558 ]: [ServerThr.2] Shutdown finished
[ N 2021-05-15 12:37:21.5726 27751/Tc Ser/Server.h:902 ]: [ApiServer] Freed 0 spare client objects
[ N 2021-05-15 12:37:21.5726 27751/Tc Ser/Server.h:558 ]: [ApiServer] Shutdown finished
[ N 2021-05-15 12:37:21.5726 27751/T6 Ser/Server.h:902 ]: [ServerThr.1] Freed 0 spare client objects
[ N 2021-05-15 12:37:21.5726 27751/T6 Ser/Server.h:558 ]: [ServerThr.1] Shutdown finished
[ N 2021-05-15 12:37:21.7013 21711/T1 age/Wat/WatchdogMain.cpp:1373 ]: Starting Passenger watchdog...
[ N 2021-05-15 12:37:21.7428 21714/T1 age/Cor/CoreMain.cpp:1340 ]: Starting Passenger core...
[ N 2021-05-15 12:37:21.7431 21714/T1 age/Cor/CoreMain.cpp:256 ]: Passenger core running in multi-application mode.
[ N 2021-05-15 12:37:21.7538 21714/T1 age/Cor/CoreMain.cpp:1015 ]: Passenger core online, PID 21714
[Sat May 15 12:37:21.756833 2021] [mpm_worker:notice] [pid 1469:tid 47732432081984] AH00292: Apache/2.4.46 (cPanel) OpenSSL/1.1.1k mod_bwlimited/1.4 Phusion_Passenger/6.0.7 configured -- resuming normal operations
[Sat May 15 12:37:21.756866 2021] [core:notice] [pid 1469:tid 47732432081984] AH00094: Command line: '/usr/sbin/httpd'
[ N 2021-05-15 12:37:22.2505 27751/T1 age/Cor/CoreMain.cpp:1325 ]: Passenger core shutdown finished
[Sat May 15 12:38:23.445951 2021] [mpm_worker:notice] [pid 1469:tid 47732432081984] AH00295: caught SIGTERM, shutting down

[ N 2021-05-15 12:38:23.4619 21714/T8 age/Cor/CoreMain.cpp:671 ]: Signal received. Gracefully shutting down... (send signal 2 more time(s) to force shutdown)
[ N 2021-05-15 12:38:23.4620 21714/T1 age/Cor/CoreMain.cpp:1246 ]: Received command to shutdown gracefully. Waiting until all clients have disconnected...
[ N 2021-05-15 12:38:23.4623 21714/Ta Ser/Server.h:902 ]: [ServerThr.2] Freed 0 spare client objects
[ N 2021-05-15 12:38:23.4624 21714/Ta Ser/Server.h:558 ]: [ServerThr.2] Shutdown finished
[ N 2021-05-15 12:38:23.4625 21714/T8 Ser/Server.h:902 ]: [ServerThr.1] Freed 0 spare client objects
[ N 2021-05-15 12:38:23.4625 21714/T8 Ser/Server.h:558 ]: [ServerThr.1] Shutdown finished
[ N 2021-05-15 12:38:23.4627 21714/Td Ser/Server.h:902 ]: [ApiServer] Freed 0 spare client objects
[ N 2021-05-15 12:38:23.4627 21714/Td Ser/Server.h:558 ]: [ApiServer] Shutdown finished
[ N 2021-05-15 12:38:24.1200 21714/T1 age/Cor/CoreMain.cpp:1325 ]: Passenger core shutdown finished
[Sat May 15 12:38:24.320947 2021] [:notice] [pid 21991:tid 47966895793216] ModSecurity for Apache/2.9.3 (http://www.modsecurity.org/) configured.
[Sat May 15 12:38:24.321018 2021] [:notice] [pid 21991:tid 47966895793216] ModSecurity: APR compiled version="1.7.0"; loaded version="1.7.0"
[Sat May 15 12:38:24.321032 2021] [:notice] [pid 21991:tid 47966895793216] ModSecurity: PCRE compiled version="8.32 "; loaded version="8.32 2012-11-30"
[Sat May 15 12:38:24.321040 2021] [:notice] [pid 21991:tid 47966895793216] ModSecurity: LUA compiled version="Lua 5.1"
[Sat May 15 12:38:24.321043 2021] [:notice] [pid 21991:tid 47966895793216] ModSecurity: YAJL compiled version="2.0.4"
[Sat May 15 12:38:24.321046 2021] [:notice] [pid 21991:tid 47966895793216] ModSecurity: LIBXML compiled version="2.9.7"
[Sat May 15 12:38:24.321049 2021] [:notice] [pid 21991:tid 47966895793216] ModSecurity: Status engine is currently disabled, enable it by set SecStatusEngine to On.
[Sat May 15 12:38:24.321604 2021] [suexec:notice] [pid 21991:tid 47966895793216] AH01232: suEXEC mechanism enabled (wrapper: /usr/sbin/suexec)
[ N 2021-05-15 12:38:24.3508 21995/T1 age/Wat/WatchdogMain.cpp:1373 ]: Starting Passenger watchdog...
[ N 2021-05-15 12:38:24.3733 21998/T1 age/Cor/CoreMain.cpp:1340 ]: Starting Passenger core...
[ N 2021-05-15 12:38:24.3735 21998/T1 age/Cor/CoreMain.cpp:256 ]: Passenger core running in multi-application mode.
[ N 2021-05-15 12:38:24.3839 21998/T1 age/Cor/CoreMain.cpp:1015 ]: Passenger core online, PID 21998

[ N 2021-05-15 12:38:24.3888 21998/T8 age/Cor/CoreMain.cpp:671 ]: Signal received. Gracefully shutting down... (send signal 2 more time(s) to force shutdown)
[ N 2021-05-15 12:38:24.3888 21998/T1 age/Cor/CoreMain.cpp:1246 ]: Received command to shutdown gracefully. Waiting until all clients have disconnected...
[ N 2021-05-15 12:38:24.3890 21998/Tc Ser/Server.h:902 ]: [ApiServer] Freed 0 spare client objects
[ N 2021-05-15 12:38:24.3890 21998/Tc Ser/Server.h:558 ]: [ApiServer] Shutdown finished
[ N 2021-05-15 12:38:24.3890 21998/T8 Ser/Server.h:902 ]: [ServerThr.1] Freed 0 spare client objects
[ N 2021-05-15 12:38:24.3890 21998/T8 Ser/Server.h:558 ]: [ServerThr.1] Shutdown finished
[ N 2021-05-15 12:38:24.3890 21998/Ta Ser/Server.h:902 ]: [ServerThr.2] Freed 0 spare client objects
[ N 2021-05-15 12:38:24.3890 21998/Ta Ser/Server.h:558 ]: [ServerThr.2] Shutdown finished
[ N 2021-05-15 12:38:24.4698 22024/T1 age/Wat/WatchdogMain.cpp:1373 ]: Starting Passenger watchdog...
[ N 2021-05-15 12:38:24.5047 22027/T1 age/Cor/CoreMain.cpp:1340 ]: Starting Passenger core...
[ N 2021-05-15 12:38:24.5049 22027/T1 age/Cor/CoreMain.cpp:256 ]: Passenger core running in multi-application mode.
[ N 2021-05-15 12:38:24.5148 22027/T1 age/Cor/CoreMain.cpp:1015 ]: Passenger core online, PID 22027
[Sat May 15 12:38:24.529209 2021] [mpm_worker:notice] [pid 22018:tid 47966895793216] AH00292: Apache/2.4.46 (cPanel) OpenSSL/1.1.1k mod_bwlimited/1.4 Phusion_Passenger/6.0.7 configured -- resuming normal operations
[Sat May 15 12:38:24.529289 2021] [core:notice] [pid 22018:tid 47966895793216] AH00094: Command line: '/usr/sbin/httpd'
[ N 2021-05-15 12:38:25.0079 21998/T1 age/Cor/TelemetryCollector.h:531 ]: Message from Phusion: End time can not be before or equal to begin time
[ N 2021-05-15 12:38:25.0394 21998/T1 age/Cor/CoreMain.cpp:1325 ]: Passenger core shutdown finished
[Sat May 15 12:38:26.298739 2021] [mpm_worker:notice] [pid 22018:tid 47966895793216] AH00295: caught SIGTERM, shutting down

[ N 2021-05-15 12:38:26.3229 22027/T6 age/Cor/CoreMain.cpp:671 ]: Signal received. Gracefully shutting down... (send signal 2 more time(s) to force shutdown)
[ N 2021-05-15 12:38:26.3229 22027/T1 age/Cor/CoreMain.cpp:1246 ]: Received command to shutdown gracefully. Waiting until all clients have disconnected...
[ N 2021-05-15 12:38:26.3230 22027/Ta Ser/Server.h:902 ]: [ServerThr.2] Freed 0 spare client objects
[ N 2021-05-15 12:38:26.3230 22027/Ta Ser/Server.h:558 ]: [ServerThr.2] Shutdown finished
[ N 2021-05-15 12:38:26.3231 22027/Tc Ser/Server.h:902 ]: [ApiServer] Freed 0 spare client objects
[ N 2021-05-15 12:38:26.3231 22027/Tc Ser/Server.h:558 ]: [ApiServer] Shutdown finished
[ N 2021-05-15 12:38:26.3232 22027/T6 Ser/Server.h:902 ]: [ServerThr.1] Freed 0 spare client objects
[ N 2021-05-15 12:38:26.3232 22027/T6 Ser/Server.h:558 ]: [ServerThr.1] Shutdown finished
[ N 2021-05-15 12:38:26.9685 22027/T1 age/Cor/CoreMain.cpp:1325 ]: Passenger core shutdown finished
[Sat May 15 12:38:27.227163 2021] [:notice] [pid 22242:tid 47803580806208] ModSecurity for Apache/2.9.3 (http://www.modsecurity.org/) configured.
[Sat May 15 12:38:27.227244 2021] [:notice] [pid 22242:tid 47803580806208] ModSecurity: APR compiled version="1.7.0"; loaded version="1.7.0"
[Sat May 15 12:38:27.227251 2021] [:notice] [pid 22242:tid 47803580806208] ModSecurity: PCRE compiled version="8.32 "; loaded version="8.32 2012-11-30"
[Sat May 15 12:38:27.227255 2021] [:notice] [pid 22242:tid 47803580806208] ModSecurity: LUA compiled version="Lua 5.1"
[Sat May 15 12:38:27.227257 2021] [:notice] [pid 22242:tid 47803580806208] ModSecurity: YAJL compiled version="2.0.4"
[Sat May 15 12:38:27.227260 2021] [:notice] [pid 22242:tid 47803580806208] ModSecurity: LIBXML compiled version="2.9.7"
[Sat May 15 12:38:27.227262 2021] [:notice] [pid 22242:tid 47803580806208] ModSecurity: Status engine is currently disabled, enable it by set SecStatusEngine to On.
[Sat May 15 12:38:27.227854 2021] [suexec:notice] [pid 22242:tid 47803580806208] AH01232: suEXEC mechanism enabled (wrapper: /usr/sbin/suexec)
[ N 2021-05-15 12:38:27.2559 22246/T1 age/Wat/WatchdogMain.cpp:1373 ]: Starting Passenger watchdog...
[ N 2021-05-15 12:38:27.2775 22249/T1 age/Cor/CoreMain.cpp:1340 ]: Starting Passenger core...
[ N 2021-05-15 12:38:27.2778 22249/T1 age/Cor/CoreMain.cpp:256 ]: Passenger core running in multi-application mode.
[ N 2021-05-15 12:38:27.2882 22249/T1 age/Cor/CoreMain.cpp:1015 ]: Passenger core online, PID 22249

[ N 2021-05-15 12:38:27.2930 22249/T8 age/Cor/CoreMain.cpp:671 ]: Signal received. Gracefully shutting down... (send signal 2 more time(s) to force shutdown)
[ N 2021-05-15 12:38:27.2930 22249/T1 age/Cor/CoreMain.cpp:1246 ]: Received command to shutdown gracefully. Waiting until all clients have disconnected...
[ N 2021-05-15 12:38:27.2931 22249/Ta Ser/Server.h:902 ]: [ServerThr.2] Freed 0 spare client objects
[ N 2021-05-15 12:38:27.2931 22249/Ta Ser/Server.h:558 ]: [ServerThr.2] Shutdown finished
[ N 2021-05-15 12:38:27.2932 22249/Td Ser/Server.h:902 ]: [ApiServer] Freed 0 spare client objects
[ N 2021-05-15 12:38:27.2932 22249/Td Ser/Server.h:558 ]: [ApiServer] Shutdown finished
[ N 2021-05-15 12:38:27.2933 22249/T8 Ser/Server.h:902 ]: [ServerThr.1] Freed 0 spare client objects
[ N 2021-05-15 12:38:27.2933 22249/T8 Ser/Server.h:558 ]: [ServerThr.1] Shutdown finished
[ N 2021-05-15 12:38:27.3789 22275/T1 age/Wat/WatchdogMain.cpp:1373 ]: Starting Passenger watchdog...
[ N 2021-05-15 12:38:27.4209 22278/T1 age/Cor/CoreMain.cpp:1340 ]: Starting Passenger core...
[ N 2021-05-15 12:38:27.4212 22278/T1 age/Cor/CoreMain.cpp:256 ]: Passenger core running in multi-application mode.
[ N 2021-05-15 12:38:27.4359 22278/T1 age/Cor/CoreMain.cpp:1015 ]: Passenger core online, PID 22278
[Sat May 15 12:38:27.450636 2021] [mpm_worker:notice] [pid 22269:tid 47803580806208] AH00292: Apache/2.4.46 (cPanel) OpenSSL/1.1.1k mod_bwlimited/1.4 Phusion_Passenger/6.0.7 configured -- resuming normal operations
[Sat May 15 12:38:27.450718 2021] [core:notice] [pid 22269:tid 47803580806208] AH00094: Command line: '/usr/sbin/httpd'
[ N 2021-05-15 12:38:27.9103 22249/T1 age/Cor/TelemetryCollector.h:531 ]: Message from Phusion: End time can not be before or equal to begin time
[ N 2021-05-15 12:38:27.9415 22249/T1 age/Cor/CoreMain.cpp:1325 ]: Passenger core shutdown finished
[Sat May 15 18:07:22.130875 2021] [cgid:error] [pid 22291:tid 47803977271040] [client 193.118.53.210:57936] AH01264: script not found or unable to stat: /home/burquebr/public_html/cgi-bin/config.exp
[Sat May 15 21:10:32.521675 2021] [mpm_worker:notice] [pid 22269:tid 47803580806208] AH00295: caught SIGTERM, shutting down

[ N 2021-05-15 21:10:32.5473 22278/T9 age/Cor/CoreMain.cpp:671 ]: Signal received. Gracefully shutting down... (send signal 2 more time(s) to force shutdown)
[ N 2021-05-15 21:10:32.5474 22278/T1 age/Cor/CoreMain.cpp:1246 ]: Received command to shutdown gracefully. Waiting until all clients have disconnected...
[ N 2021-05-15 21:10:32.5480 22278/T9 Ser/Server.h:902 ]: [ServerThr.1] Freed 0 spare client objects
[ N 2021-05-15 21:10:32.5480 22278/T9 Ser/Server.h:558 ]: [ServerThr.1] Shutdown finished
[ N 2021-05-15 21:10:32.5481 22278/Tc Ser/Server.h:902 ]: [ApiServer] Freed 0 spare client objects
[ N 2021-05-15 21:10:32.5481 22278/Tc Ser/Server.h:558 ]: [ApiServer] Shutdown finished
[ N 2021-05-15 21:10:32.5487 22278/Tb Ser/Server.h:902 ]: [ServerThr.2] Freed 0 spare client objects
[ N 2021-05-15 21:10:32.5487 22278/Tb Ser/Server.h:558 ]: [ServerThr.2] Shutdown finished
[ N 2021-05-15 21:10:33.2176 22278/T1 age/Cor/CoreMain.cpp:1325 ]: Passenger core shutdown finished
[Sat May 15 21:10:33.500387 2021] [:notice] [pid 9802:tid 47730988500032] ModSecurity for Apache/2.9.3 (http://www.modsecurity.org/) configured.
[Sat May 15 21:10:33.500477 2021] [:notice] [pid 9802:tid 47730988500032] ModSecurity: APR compiled version="1.7.0"; loaded version="1.7.0"
[Sat May 15 21:10:33.500485 2021] [:notice] [pid 9802:tid 47730988500032] ModSecurity: PCRE compiled version="8.32 "; loaded version="8.32 2012-11-30"
[Sat May 15 21:10:33.500501 2021] [:notice] [pid 9802:tid 47730988500032] ModSecurity: LUA compiled version="Lua 5.1"
[Sat May 15 21:10:33.500504 2021] [:notice] [pid 9802:tid 47730988500032] ModSecurity: YAJL compiled version="2.0.4"
[Sat May 15 21:10:33.500506 2021] [:notice] [pid 9802:tid 47730988500032] ModSecurity: LIBXML compiled version="2.9.7"
[Sat May 15 21:10:33.500509 2021] [:notice] [pid 9802:tid 47730988500032] ModSecurity: Status engine is currently disabled, enable it by set SecStatusEngine to On.
[Sat May 15 21:10:33.501131 2021] [suexec:notice] [pid 9802:tid 47730988500032] AH01232: suEXEC mechanism enabled (wrapper: /usr/sbin/suexec)
[ N 2021-05-15 21:10:33.5410 9806/T1 age/Wat/WatchdogMain.cpp:1373 ]: Starting Passenger watchdog...
[ N 2021-05-15 21:10:33.5617 9809/T1 age/Cor/CoreMain.cpp:1340 ]: Starting Passenger core...
[ N 2021-05-15 21:10:33.5619 9809/T1 age/Cor/CoreMain.cpp:256 ]: Passenger core running in multi-application mode.
[ N 2021-05-15 21:10:33.5721 9809/T1 age/Cor/CoreMain.cpp:1015 ]: Passenger core online, PID 9809

[ N 2021-05-15 21:10:33.5767 9809/T8 age/Cor/CoreMain.cpp:671 ]: Signal received. Gracefully shutting down... (send signal 2 more time(s) to force shutdown)
[ N 2021-05-15 21:10:33.5767 9809/T1 age/Cor/CoreMain.cpp:1246 ]: Received command to shutdown gracefully. Waiting until all clients have disconnected...
[ N 2021-05-15 21:10:33.5768 9809/T8 Ser/Server.h:902 ]: [ServerThr.1] Freed 0 spare client objects
[ N 2021-05-15 21:10:33.5768 9809/T8 Ser/Server.h:558 ]: [ServerThr.1] Shutdown finished
[ N 2021-05-15 21:10:33.5783 9809/Tb Ser/Server.h:902 ]: [ServerThr.2] Freed 0 spare client objects
[ N 2021-05-15 21:10:33.5783 9809/Tb Ser/Server.h:558 ]: [ServerThr.2] Shutdown finished
[ N 2021-05-15 21:10:33.5784 9809/Td Ser/Server.h:902 ]: [ApiServer] Freed 0 spare client objects
[ N 2021-05-15 21:10:33.5785 9809/Td Ser/Server.h:558 ]: [ApiServer] Shutdown finished
[ N 2021-05-15 21:10:33.6515 9835/T1 age/Wat/WatchdogMain.cpp:1373 ]: Starting Passenger watchdog...
[ N 2021-05-15 21:10:33.6901 9838/T1 age/Cor/CoreMain.cpp:1340 ]: Starting Passenger core...
[ N 2021-05-15 21:10:33.6903 9838/T1 age/Cor/CoreMain.cpp:256 ]: Passenger core running in multi-application mode.
[ N 2021-05-15 21:10:33.7006 9838/T1 age/Cor/CoreMain.cpp:1015 ]: Passenger core online, PID 9838
[Sat May 15 21:10:33.716868 2021] [mpm_worker:notice] [pid 9829:tid 47730988500032] AH00292: Apache/2.4.46 (cPanel) OpenSSL/1.1.1k mod_bwlimited/1.4 Phusion_Passenger/6.0.7 configured -- resuming normal operations
[Sat May 15 21:10:33.716934 2021] [core:notice] [pid 9829:tid 47730988500032] AH00094: Command line: '/usr/sbin/httpd'
[ N 2021-05-15 21:10:34.1971 9809/T1 age/Cor/TelemetryCollector.h:531 ]: Message from Phusion: End time can not be before or equal to begin time
[ N 2021-05-15 21:10:34.2296 9809/T1 age/Cor/CoreMain.cpp:1325 ]: Passenger core shutdown finished
[Sat May 15 23:25:40.287595 2021] [proxy_fcgi:error] [pid 9855:tid 47731297527552] [client 80.251.219.111:38900] AH01071: Got error 'Primary script unknown\n'
[Sun May 16 12:42:49.406942 2021] [proxy_fcgi:error] [pid 9850:tid 47731308033792] [client 178.62.110.145:25824] AH01071: Got error 'Primary script unknown\n'
[Sun May 16 17:16:54.147511 2021] [:error] [pid 9850:tid 47731385046784] [client 165.227.190.169:12636] File does not exist: /var/www/html/index.php
[Sun May 16 18:59:43.541551 2021] [proxy_fcgi:error] [pid 9850:tid 47731278616320] [client 129.146.191.201:51021] AH01071: Got error 'Primary script unknown\n'
[Sun May 16 22:31:41.045848 2021] [:error] [pid 9851:tid 47731284920064] [client 3.8.12.221:43749] File does not exist: /var/www/html/wp-login.php
[Sun May 16 22:39:00.520504 2021] [:error] [pid 9852:tid 47731280717568] [client 35.178.16.1:41860] File does not exist: /var/www/html/wp-login.php
[Sun May 16 23:47:53.330536 2021] [:error] [pid 9855:tid 47731308033792] [client 34.236.202.207:24808] File does not exist: /var/www/html/wp-login.php
[Mon May 17 05:50:08.427986 2021] [proxy_fcgi:error] [pid 9852:tid 47731289122560] [client 34.236.202.207:48775] AH01071: Got error 'Primary script unknown\n'
[Mon May 17 09:14:35.952649 2021] [:error] [pid 9850:tid 47731295426304] [client 52.178.40.45:1152] File does not exist: /var/www/html/wp-login.php
[Mon May 17 13:23:42.087099 2021] [:error] [pid 9852:tid 47731295426304] [client 103.133.110.78:62992] File does not exist: /var/www/html/xmlrpc.php
[Mon May 17 16:58:03.775201 2021] [:error] [pid 9852:tid 47731284920064] [client 165.227.166.80:36962] File does not exist: /var/www/html/index.php
[Mon May 17 18:13:15.728903 2021] [proxy_fcgi:error] [pid 9855:tid 47731291223808] [client 148.72.207.220:48378] AH01071: Got error 'Primary script unknown\n'
[Tue May 18 07:02:04.445999 2021] [:error] [pid 9850:tid 47731301730048] [client 198.244.141.110:55698] File does not exist: /var/www/html/xmlrpc.php
[Tue May 18 11:34:21.878466 2021] [:error] [pid 9850:tid 47731278616320] [client 175.154.185.15:49970] File does not exist: /var/www/html/elrekt.php
[Tue May 18 11:34:22.445760 2021] [:error] [pid 9852:tid 47731293325056] [client 175.154.185.15:60034] File does not exist: /var/www/html/index.php
[Tue May 18 13:58:33.852369 2021] [proxy_fcgi:error] [pid 9852:tid 47731291223808] [client 129.146.191.201:61179] AH01071: Got error 'Primary script unknown\n'
[Tue May 18 22:41:02.153609 2021] [proxy_fcgi:error] [pid 9850:tid 47731284920064] [client 78.157.36.98:54488] AH01071: Got error 'Primary script unknown\n'
[Wed May 19 00:42:01.873590 2021] [proxy_fcgi:error] [pid 9852:tid 47731291223808] [client 95.111.239.17:50884] AH01071: Got error 'Primary script unknown\n'
[Wed May 19 10:49:54.780794 2021] [proxy_fcgi:error] [pid 9850:tid 47731291223808] [client 82.165.185.18:64732] AH01071: Got error 'Primary script unknown\n'
[Wed May 19 11:09:09.133065 2021] [proxy_fcgi:error] [pid 9851:tid 47731282818816] [client 35.198.105.76:52550] AH01071: Got error 'Primary script unknown\n'
[Wed May 19 11:41:11.774467 2021] [proxy_fcgi:error] [pid 9855:tid 47731310135040] [client 167.71.13.196:46446] AH01071: Got error 'Primary script unknown\n'
[Wed May 19 12:50:23.552207 2021] [cgid:error] [pid 9853:tid 47731282818816] [client 59.93.22.247:43869] AH01264: script not found or unable to stat: /var/www/html/setup.cgi
[Wed May 19 17:25:26.822990 2021] [:error] [pid 9851:tid 47731301730048] [client 5.62.51.85:2956] File does not exist: /var/www/html/wp-login.php
[Wed May 19 20:39:37.123413 2021] [ssl:error] [pid 9851:tid 47731293325056] [client 3.86.12.180:34882] AH02042: rejecting client initiated renegotiation
[Thu May 20 00:22:34.110608 2021] [proxy_fcgi:error] [pid 9850:tid 47731295426304] [client 18.231.94.162:2079] AH01071: Got error 'Primary script unknown\n'
[Thu May 20 03:59:16.588717 2021] [:error] [pid 9851:tid 47731305932544] [client 18.221.206.247:46774] File does not exist: /var/www/html/wp-login.php
[Thu May 20 04:02:12.353529 2021] [:error] [pid 9850:tid 47731389249280] [client 13.58.56.77:5998] File does not exist: /var/www/html/wp-login.php
[Thu May 20 04:36:10.326055 2021] [proxy_fcgi:error] [pid 9850:tid 47731301730048] [client 129.146.191.201:64119] AH01071: Got error 'Primary script unknown\n'
[Thu May 20 05:26:49.466121 2021] [:error] [pid 9851:tid 47731276515072] [client 157.245.64.250:42214] File does not exist: /var/www/html/system_api.php
[Thu May 20 05:26:50.439064 2021] [proxy_fcgi:error] [pid 9852:tid 47731308033792] [client 157.245.64.250:41490] AH01071: Got error 'Primary script unknown\n'
[Thu May 20 05:26:57.648579 2021] [:error] [pid 9855:tid 47731293325056] [client 157.245.64.250:46958] File does not exist: /var/www/html/system_api.php
[Thu May 20 05:26:58.630231 2021] [proxy_fcgi:error] [pid 9850:tid 47731297527552] [client 157.245.64.250:46312] AH01071: Got error 'Primary script unknown\n'
[Thu May 20 10:55:27.282793 2021] [proxy_fcgi:error] [pid 9850:tid 47731308033792] [client 34.84.239.44:60910] AH01071: Got error 'Primary script unknown\n'
[Thu May 20 10:55:27.283611 2021] [proxy_fcgi:error] [pid 9852:tid 47731287021312] [client 34.84.239.44:60912] AH01071: Got error 'Primary script unknown\n'
[Thu May 20 12:28:31.535805 2021] [proxy_fcgi:error] [pid 9855:tid 47731389249280] [client 143.110.247.120:60277] AH01071: Got error 'Primary script unknown\n'
[Thu May 20 12:57:04.835139 2021] [cgid:error] [pid 9852:tid 47731385046784] [client 49.143.32.6:4096] AH01264: script not found or unable to stat: /var/www/html/setup.cgi
[Thu May 20 19:16:03.430497 2021] [:error] [pid 9855:tid 47731305932544] [client 45.146.164.131:43248] File does not exist: /var/www/html/index.php
[Thu May 20 20:00:31.268991 2021] [proxy_fcgi:error] [pid 9851:tid 47731276515072] [client 35.195.135.67:55320] AH01071: Got error 'Primary script unknown\n'
[Thu May 20 20:00:31.269492 2021] [proxy_fcgi:error] [pid 9850:tid 47731278616320] [client 35.195.135.67:55332] AH01071: Got error 'Primary script unknown\n'
[Fri May 21 00:38:11.511923 2021] [proxy_fcgi:error] [pid 9855:tid 47731310135040] [client 45.146.164.131:43494] AH01071: Got error 'Primary script unknown\n'
[Fri May 21 11:30:30.951454 2021] [:error] [pid 9851:tid 47731305932544] [client 45.146.164.125:48846] File does not exist: /var/www/html/index.php
[Fri May 21 13:50:48.712420 2021] [cgid:error] [pid 9851:tid 47731284920064] [client 112.94.96.53:17812] AH01264: script not found or unable to stat: /var/www/html/setup.cgi
[Fri May 21 18:39:49.414719 2021] [proxy_fcgi:error] [pid 9850:tid 47731382945536] [client 45.146.164.125:57534] AH01071: Got error 'Primary script unknown\n'
[Fri May 21 19:22:01.211170 2021] [proxy_fcgi:error] [pid 9853:tid 47731382945536] [client 194.36.45.73:56716] AH01071: Got error 'Primary script unknown\n'
[Fri May 21 23:23:26.397111 2021] [:error] [pid 9855:tid 47731382945536] [client 13.124.222.242:12404] File does not exist: /var/www/html/wp-login.php
[Sat May 22 05:25:04.071505 2021] [cgid:error] [pid 9855:tid 47731391350528] [client 180.117.72.20:9864] AH01264: script not found or unable to stat: /var/www/html/setup.cgi
[Sat May 22 06:04:44.121952 2021] [:error] [pid 9855:tid 47731299628800] [client 45.146.164.125:52798] File does not exist: /var/www/html/index.php
[Sat May 22 10:49:44.898043 2021] [:error] [pid 9855:tid 47731276515072] [client 37.49.229.222:39370] File does not exist: /var/www/html/api.php
[Sat May 22 12:37:30.456872 2021] [proxy_fcgi:error] [pid 9855:tid 47731305932544] [client 45.146.164.125:39930] AH01071: Got error 'Primary script unknown\n'
[Sat May 22 14:49:43.404248 2021] [:error] [pid 9855:tid 47731274413824] [client 157.230.234.117:58806] File does not exist: /var/www/html/wp-login.php
[Sat May 22 14:54:01.070529 2021] [:error] [pid 9852:tid 47731278616320] [client 159.203.21.106:50237] File does not exist: /var/www/html/wp-login.php
[Sat May 22 17:30:31.779671 2021] [:error] [pid 9855:tid 47731272312576] [client 119.29.109.115:60254] File does not exist: /var/www/html/list.php
[Sat May 22 17:30:40.730056 2021] [:error] [pid 9851:tid 47731291223808] [client 119.29.109.115:60602] File does not exist: /var/www/html/index.php
[Sat May 22 17:30:41.010700 2021] [:error] [pid 9851:tid 47731291223808] [client 119.29.109.115:60602] File does not exist: /var/www/html/index.php
[Sat May 22 17:30:41.290171 2021] [:error] [pid 9851:tid 47731291223808] [client 119.29.109.115:60602] File does not exist: /var/www/html/index.php
[Sat May 22 17:30:41.569209 2021] [:error] [pid 9851:tid 47731291223808] [client 119.29.109.115:60602] File does not exist: /var/www/html/index.php
[Sat May 22 17:30:44.085620 2021] [cgid:error] [pid 9851:tid 47731291223808] [client 119.29.109.115:60602] AH01264: script not found or unable to stat: /var/www/html/index.cgi
[Sat May 22 17:30:47.156211 2021] [:error] [pid 9851:tid 47731291223808] [client 119.29.109.115:60602] File does not exist: /var/www/html/bencandy.php
[Sat May 22 17:30:56.260081 2021] [:error] [pid 9851:tid 47731291223808] [client 119.29.109.115:60602] File does not exist: /var/www/html/plugin.php
[Sat May 22 17:30:58.797700 2021] [:error] [pid 9851:tid 47731291223808] [client 119.29.109.115:60602] File does not exist: /var/www/html/doku.php
[Sat May 22 17:31:12.397247 2021] [:error] [pid 9850:tid 47731289122560] [client 119.29.109.115:48192] File does not exist: /var/www/html/rss.php
[Sat May 22 17:31:14.968550 2021] [:error] [pid 9850:tid 47731289122560] [client 119.29.109.115:48192] File does not exist: /var/www/html/extern.php
[Sat May 22 17:31:16.367467 2021] [:error] [pid 9850:tid 47731289122560] [client 119.29.109.115:48192] File does not exist: /var/www/html/admin.php
[Sat May 22 17:31:21.802149 2021] [:error] [pid 9850:tid 47731289122560] [client 119.29.109.115:48192] File does not exist: /var/www/html/index.php
[Sat May 22 17:31:22.083928 2021] [:error] [pid 9850:tid 47731289122560] [client 119.29.109.115:48192] File does not exist: /var/www/html/admin.php
[Sat May 22 17:31:26.033785 2021] [:error] [pid 9850:tid 47731289122560] [client 119.29.109.115:48192] File does not exist: /var/www/html/digg.php
[Sat May 22 17:31:27.447432 2021] [:error] [pid 9850:tid 47731289122560] [client 119.29.109.115:48192] File does not exist: /var/www/html/forum.php
[Sat May 22 17:31:34.946814 2021] [:error] [pid 9850:tid 47731289122560] [client 119.29.109.115:48192] File does not exist: /var/www/html/wp-cron.php
[Sat May 22 17:31:35.509063 2021] [:error] [pid 9850:tid 47731289122560] [client 119.29.109.115:48192] File does not exist: /var/www/html/wp-login.php
[Sat May 22 23:05:30.669891 2021] [:error] [pid 9855:tid 47731305932544] [client 45.146.164.125:47540] File does not exist: /var/www/html/index.php
[Sat May 22 23:17:52.271289 2021] [cgid:error] [pid 9852:tid 47731389249280] [client 178.175.12.7:45137] AH01264: script not found or unable to stat: /var/www/html/setup.cgi
[Sun May 23 04:47:53.889014 2021] [cgid:error] [pid 9852:tid 47731274413824] [client 117.194.163.218:43305] AH01264: script not found or unable to stat: /var/www/html/setup.cgi
[Sun May 23 04:52:19.006232 2021] [proxy_fcgi:error] [pid 9855:tid 47731272312576] [client 45.146.164.125:46194] AH01071: Got error 'Primary script unknown\n'
[Sun May 23 08:28:55.606636 2021] [cgid:error] [pid 9850:tid 47731276515072] [client 178.175.80.203:58552] AH01264: script not found or unable to stat: /var/www/html/setup.cgi
[Sun May 23 13:59:58.043019 2021] [:error] [pid 9852:tid 47731284920064] [client 45.146.164.125:44138] File does not exist: /var/www/html/index.php
[Sun May 23 14:37:17.525363 2021] [proxy_fcgi:error] [pid 9855:tid 47731280717568] [client 61.244.70.248:22135] AH01071: Got error 'Primary script unknown\n'
[Sun May 23 16:21:39.804669 2021] [:error] [pid 9855:tid 47731389249280] [client 185.203.118.173:42736] File does not exist: /var/www/html/wp-login.php
[Sun May 23 21:36:37.025272 2021] [proxy_fcgi:error] [pid 9851:tid 47731299628800] [client 45.146.164.125:47954] AH01071: Got error 'Primary script unknown\n'
[Mon May 24 01:31:19.050052 2021] [:error] [pid 9851:tid 47731291223808] [client 8.136.177.122:44974] File does not exist: /var/www/html/elrekt.php
[Mon May 24 01:31:19.588962 2021] [:error] [pid 9850:tid 47731289122560] [client 8.136.177.122:47696] File does not exist: /var/www/html/index.php
[Mon May 24 05:13:39.355986 2021] [:error] [pid 9851:tid 47731291223808] [client 188.166.220.44:49021] File does not exist: /var/www/html/.env.php
[Mon May 24 08:22:11.807763 2021] [:error] [pid 9852:tid 47731308033792] [client 45.146.164.125:56226] File does not exist: /var/www/html/index.php
[Mon May 24 09:29:05.381054 2021] [proxy_fcgi:error] [pid 9853:tid 47731391350528] [client 54.178.182.46:55508] AH01071: Got error 'Primary script unknown\n'
[Mon May 24 12:10:46.298228 2021] [proxy_fcgi:error] [pid 9852:tid 47731389249280] [client 134.122.94.113:40170] AH01071: Got error 'Primary script unknown\n'
[Mon May 24 14:41:18.600362 2021] [proxy_fcgi:error] [pid 9855:tid 47731282818816] [client 161.35.27.209:60388] AH01071: Got error 'Primary script unknown\n'
[Mon May 24 15:10:57.165089 2021] [proxy_fcgi:error] [pid 9850:tid 47731312236288] [client 45.146.164.125:46566] AH01071: Got error 'Primary script unknown\n'
[Mon May 24 22:58:07.431969 2021] [:error] [pid 9853:tid 47731391350528] [client 35.183.60.188:41200] File does not exist: /var/www/html/wp-login.php
[Mon May 24 23:04:42.860457 2021] [:error] [pid 9851:tid 47731308033792] [client 35.183.60.188:39780] File does not exist: /var/www/html/wp-login.php
[Tue May 25 00:21:19.804470 2021] [:error] [pid 9853:tid 47731305932544] [client 34.209.105.222:61515] File does not exist: /var/www/html/wp-login.php
[Tue May 25 05:31:29.482014 2021] [:error] [pid 9852:tid 47731310135040] [client 167.99.57.253:28518] File does not exist: /var/www/html/index.php
[Tue May 25 05:54:56.044242 2021] [:error] [pid 9851:tid 47731272312576] [client 121.4.62.98:34582] File does not exist: /var/www/html/wp-login.php
[Tue May 25 11:22:52.145595 2021] [proxy_fcgi:error] [pid 9851:tid 47731389249280] [client 109.106.245.7:24144] AH01071: Got error 'Primary script unknown\n'
[Tue May 25 11:22:52.146274 2021] [proxy_fcgi:error] [pid 9855:tid 47731276515072] [client 109.106.245.7:24142] AH01071: Got error 'Primary script unknown\n'
[Tue May 25 11:43:24.892729 2021] [:error] [pid 9853:tid 47731287021312] [client 45.146.164.125:53326] File does not exist: /var/www/html/index.php
[ E 2021-05-25 15:00:15.3811 9838/T8 age/Cor/TelemetryCollector.h:455 ]: Error contacting anonymous telemetry server: Could not resolve host: anontelemetry.phusionpassenger.com
[Tue May 25 15:32:23.012119 2021] [ssl:error] [pid 9850:tid 47731274413824] (EAI 2)Name or service not known: [client 80.82.77.192:47382] AH01972: could not resolve address of OCSP responder ocsp.sectigo.com
[Tue May 25 15:32:23.012238 2021] [ssl:error] [pid 9850:tid 47731274413824] AH01941: stapling_renew_response: responder error
[Tue May 25 18:35:11.163664 2021] [proxy_fcgi:error] [pid 9851:tid 47731391350528] [client 45.129.137.249:48908] AH01071: Got error 'Primary script unknown\n'
[Tue May 25 18:35:13.296949 2021] [proxy_fcgi:error] [pid 9851:tid 47731287021312] [client 45.129.137.249:55640] AH01071: Got error 'Primary script unknown\n'
[Tue May 25 21:20:24.231694 2021] [proxy_fcgi:error] [pid 9850:tid 47731310135040] [client 45.146.164.125:35852] AH01071: Got error 'Primary script unknown\n'
[Tue May 25 21:42:24.377461 2021] [proxy_fcgi:error] [pid 9850:tid 47731389249280] [client 104.198.172.68:51621] AH01071: Got error 'Primary script unknown\n'
[Tue May 25 21:42:24.378091 2021] [proxy_fcgi:error] [pid 9851:tid 47731310135040] [client 104.198.172.68:51622] AH01071: Got error 'Primary script unknown\n'
[Wed May 26 03:42:31.212161 2021] [:error] [pid 9853:tid 47731284920064] [client 45.146.164.125:36448] File does not exist: /var/www/html/index.php
[Wed May 26 10:43:01.107439 2021] [cgid:error] [pid 9855:tid 47731308033792] [client 34.102.123.204:36040] AH01264: script not found or unable to stat: /home/burquebr/public_html/cgi-bin/kerbynet
[Wed May 26 11:14:03.648625 2021] [proxy_fcgi:error] [pid 9855:tid 47731291223808] [client 45.146.164.125:35316] AH01071: Got error 'Primary script unknown\n'
[Wed May 26 12:20:47.949864 2021] [cgid:error] [pid 9853:tid 47731295426304] [client 34.102.123.204:33186] AH01264: script not found or unable to stat: /home/burquebr/public_html/cgi-bin/kerbynet
[Wed May 26 15:34:27.508399 2021] [:error] [pid 9852:tid 47731382945536] [client 5.188.210.227:51308] File does not exist: /var/www/html/echo.php, referer: https://www.google.com/
[Wed May 26 16:51:42.510974 2021] [:error] [pid 9853:tid 47731308033792] [client 45.146.164.125:47044] File does not exist: /var/www/html/index.php
[Wed May 26 20:39:01.917953 2021] [ssl:error] [pid 9850:tid 47731295426304] (EAI 2)Name or service not known: [client 162.62.123.46:45844] AH01972: could not resolve address of OCSP responder ocsp.sectigo.com
[Wed May 26 20:39:01.918078 2021] [ssl:error] [pid 9850:tid 47731295426304] AH01941: stapling_renew_response: responder error
[Wed May 26 21:18:27.018283 2021] [cgid:error] [pid 9855:tid 47731284920064] [client 34.102.106.213:46176] AH01264: script not found or unable to stat: /home/burquebr/public_html/cgi-bin/kerbynet
[Wed May 26 22:45:17.197028 2021] [proxy_fcgi:error] [pid 9852:tid 47731303831296] [client 45.146.164.125:43258] AH01071: Got error 'Primary script unknown\n'
[Wed May 26 23:16:54.454037 2021] [proxy_fcgi:error] [pid 9853:tid 47731272312576] [client 142.93.152.19:41996] AH01071: Got error 'Primary script unknown\n'
[Thu May 27 01:00:35.912020 2021] [proxy_fcgi:error] [pid 9850:tid 47731301730048] [client 34.215.69.55:31714] AH01071: Got error 'Primary script unknown\n'
[Thu May 27 02:10:23.646804 2021] [:error] [pid 9850:tid 47731280717568] [client 162.243.213.195:45421] File does not exist: /var/www/html/index.php
[Thu May 27 03:43:17.790761 2021] [:error] [pid 9852:tid 47731295426304] [client 18.197.125.181:62954] File does not exist: /var/www/html/wp-login.php
[Thu May 27 03:54:55.670409 2021] [:error] [pid 9852:tid 47731301730048] [client 3.8.68.2:7021] File does not exist: /var/www/html/wp-login.php
[Thu May 27 04:53:21.181232 2021] [:error] [pid 9852:tid 47731308033792] [client 13.124.222.242:11497] File does not exist: /var/www/html/wp-login.php
[Thu May 27 07:01:47.586542 2021] [proxy_fcgi:error] [pid 9852:tid 47731291223808] [client 13.209.28.104:23841] AH01071: Got error 'Primary script unknown\n'
[Thu May 27 09:24:20.832905 2021] [proxy_fcgi:error] [pid 9855:tid 47731391350528] [client 167.71.102.17:61300] AH01071: Got error 'Primary script unknown\n'
[ E 2021-05-27 09:58:23.5186 9838/T8 age/Cor/TelemetryCollector.h:455 ]: Error contacting anonymous telemetry server: Could not resolve host: anontelemetry.phusionpassenger.com
[Thu May 27 13:32:36.305120 2021] [proxy_fcgi:error] [pid 9850:tid 47731299628800] [client 51.195.120.180:52254] AH01071: Got error 'Primary script unknown\n'
[Thu May 27 16:14:45.525386 2021] [cgid:error] [pid 9850:tid 47731282818816] [client 178.175.3.249:39464] AH01264: script not found or unable to stat: /var/www/html/setup.cgi
[Thu May 27 20:26:57.971521 2021] [:error] [pid 9851:tid 47731276515072] [client 165.232.147.29:45946] File does not exist: /var/www/html/system_api.php
[Thu May 27 20:26:58.166092 2021] [proxy_fcgi:error] [pid 9852:tid 47731308033792] [client 165.232.147.29:59352] AH01071: Got error 'Primary script unknown\n'
[Thu May 27 20:27:00.542216 2021] [:error] [pid 9855:tid 47731289122560] [client 165.232.147.29:47564] File does not exist: /var/www/html/system_api.php
[Thu May 27 20:27:00.733843 2021] [proxy_fcgi:error] [pid 9850:tid 47731297527552] [client 165.232.147.29:60954] AH01071: Got error 'Primary script unknown\n'
[Thu May 27 20:49:35.182049 2021] [proxy_fcgi:error] [pid 9850:tid 47731382945536] [client 45.146.164.125:50044] AH01071: Got error 'Primary script unknown\n'
[Fri May 28 06:51:00.836176 2021] [:error] [pid 9851:tid 47731310135040] [client 45.146.164.125:34802] File does not exist: /var/www/html/index.php
[Fri May 28 13:45:56.297949 2021] [proxy_fcgi:error] [pid 9851:tid 47731291223808] [client 45.146.164.125:56906] AH01071: Got error 'Primary script unknown\n'
[Fri May 28 15:24:16.205999 2021] [:error] [pid 9853:tid 47731382945536] [client 103.132.124.120:41742] File does not exist: /var/www/html/wp-login.php
[Fri May 28 21:04:55.200711 2021] [:error] [pid 9850:tid 47731293325056] [client 45.146.164.125:43680] File does not exist: /var/www/html/index.php
[Fri May 28 21:59:45.198497 2021] [:error] [pid 9855:tid 47731274413824] [client 142.93.253.189:35820] File does not exist: /var/www/html/wp-login.php
[Sat May 29 01:58:26.212878 2021] [proxy_fcgi:error] [pid 9852:tid 47731295426304] [client 164.68.126.176:59708] AH01071: Got error 'Primary script unknown\n'
[Sat May 29 07:38:42.241622 2021] [proxy_fcgi:error] [pid 9851:tid 47731272312576] [client 45.146.164.125:35256] AH01071: Got error 'Primary script unknown\n'
[Sat May 29 07:55:58.415027 2021] [proxy_fcgi:error] [pid 9850:tid 47731278616320] [client 35.181.112.20:39425] AH01071: Got error 'Primary script unknown\n'
[Sat May 29 13:36:44.963085 2021] [cgid:error] [pid 9852:tid 47731303831296] [client 194.48.199.78:58960] AH01264: script not found or unable to stat: /home/burquebr/public_html/cgi-bin/weblogin.cgi
[Sat May 29 15:38:06.557599 2021] [:error] [pid 9851:tid 47731391350528] [client 45.146.164.125:47156] File does not exist: /var/www/html/index.php
[Sat May 29 18:31:18.439066 2021] [proxy_fcgi:error] [pid 9852:tid 47731291223808] [client 167.71.13.196:53140] AH01071: Got error 'Primary script unknown\n'
[Sat May 29 20:44:28.469031 2021] [:error] [pid 9850:tid 47731293325056] [client 178.62.35.96:42914] File does not exist: /var/www/html/wp-login.php
[Sat May 29 21:53:23.316502 2021] [:error] [pid 9850:tid 47731305932544] [client 35.180.147.121:15963] File does not exist: /var/www/html/wp-login.php
[Sat May 29 22:01:00.013777 2021] [:error] [pid 9855:tid 47731276515072] [client 35.180.147.121:63255] File does not exist: /var/www/html/wp-login.php
[Sat May 29 23:35:23.372940 2021] [:error] [pid 9851:tid 47731272312576] [client 34.209.105.222:41152] File does not exist: /var/www/html/wp-login.php
[Sun May 30 04:48:59.151400 2021] [ssl:error] [pid 9850:tid 47731387148032] (EAI 2)Name or service not known: [client 45.33.80.76:34786] AH01972: could not resolve address of OCSP responder ocsp.sectigo.com
[Sun May 30 04:48:59.151496 2021] [ssl:error] [pid 9850:tid 47731387148032] AH01941: stapling_renew_response: responder error
[Sun May 30 12:05:33.837778 2021] [proxy_fcgi:error] [pid 9850:tid 47731387148032] [client 162.241.120.138:39994] AH01071: Got error 'Primary script unknown\n'
[Sun May 30 12:54:31.056754 2021] [cgid:error] [pid 9851:tid 47731301730048] [client 194.48.199.78:35890] AH01264: script not found or unable to stat: /home/burquebr/public_html/cgi-bin/weblogin.cgi
[Sun May 30 13:51:13.111945 2021] [cgid:error] [pid 9852:tid 47731305932544] [client 194.48.199.78:58100] AH01264: script not found or unable to stat: /home/burquebr/public_html/cgi-bin/status
[Sun May 30 16:22:32.763761 2021] [:error] [pid 9855:tid 47731299628800] [client 45.146.164.125:40948] File does not exist: /var/www/html/index.php
[Sun May 30 19:35:05.037006 2021] [cgid:error] [pid 9852:tid 47731280717568] [client 194.48.199.78:40556] AH01264: script not found or unable to stat: /home/burquebr/public_html/admin.cgi
[Sun May 30 21:28:53.068139 2021] [cgid:error] [pid 9853:tid 47731282818816] [client 194.48.199.78:56816] AH01264: script not found or unable to stat: /home/burquebr/public_html/administrator.cgi
[Sun May 30 23:21:55.650335 2021] [cgid:error] [pid 9852:tid 47731293325056] [client 194.48.199.78:44746] AH01264: script not found or unable to stat: /home/burquebr/public_html/agora.cgi
[Mon May 31 00:45:39.670553 2021] [proxy_fcgi:error] [pid 9850:tid 47731305932544] [client 45.146.164.125:34000] AH01071: Got error 'Primary script unknown\n'
[Mon May 31 03:04:14.464440 2021] [cgid:error] [pid 9853:tid 47731284920064] [client 194.48.199.78:43048] AH01264: script not found or unable to stat: /home/burquebr/public_html/analyse.cgi
[Mon May 31 05:46:15.148453 2021] [:error] [pid 9851:tid 47731310135040] [client 45.146.164.125:55328] File does not exist: /var/www/html/index.php
[Mon May 31 10:24:14.822394 2021] [proxy_fcgi:error] [pid 9852:tid 47731299628800] [client 114.33.19.90:58121] AH01071: Got error 'Primary script unknown\n'
[Mon May 31 11:34:52.378051 2021] [proxy_fcgi:error] [pid 9855:tid 47731312236288] [client 45.146.164.125:46588] AH01071: Got error 'Primary script unknown\n'
[Mon May 31 13:36:35.312549 2021] [proxy_fcgi:error] [pid 9853:tid 47731303831296] [client 51.161.34.111:52436] AH01071: Got error 'Primary script unknown\n'
[Mon May 31 17:13:29.415917 2021] [ssl:error] [pid 9853:tid 47731308033792] (EAI 2)Name or service not known: [client 54.203.14.104:54503] AH01972: could not resolve address of OCSP responder ocsp.sectigo.com
[Mon May 31 17:13:29.416025 2021] [ssl:error] [pid 9853:tid 47731308033792] AH01941: stapling_renew_response: responder error
[Mon May 31 17:45:30.631041 2021] [cgid:error] [pid 9852:tid 47731278616320] [client 193.118.53.210:47306] AH01264: script not found or unable to stat: /home/burquebr/public_html/cgi-bin/config.exp
[Mon May 31 22:15:59.009244 2021] [:error] [pid 9853:tid 47731391350528] [client 45.146.164.125:45828] File does not exist: /var/www/html/index.php
[Mon May 31 23:46:22.263409 2021] [proxy_fcgi:error] [pid 9851:tid 47731293325056] [client 18.184.155.204:39198] AH01071: Got error 'Primary script unknown\n'
[Tue Jun 01 02:37:10.419583 2021] [:error] [pid 9853:tid 47731272312576] [client 34.230.156.67:14720] File does not exist: /var/www/html/wp-login.php
[Tue Jun 01 02:43:08.957654 2021] [:error] [pid 9855:tid 47731280717568] [client 34.237.4.205:11526] File does not exist: /var/www/html/wp-login.php
[Tue Jun 01 05:49:29.656790 2021] [proxy_fcgi:error] [pid 9850:tid 47731280717568] [client 45.146.164.125:34736] AH01071: Got error 'Primary script unknown\n'
[Tue Jun 01 08:43:26.671712 2021] [proxy_fcgi:error] [pid 9852:tid 47731293325056] [client 107.189.28.185:43794] AH01071: Got error 'Primary script unknown\n'
[Tue Jun 01 08:43:26.672090 2021] [proxy_fcgi:error] [pid 9850:tid 47731274413824] [client 107.189.28.185:43792] AH01071: Got error 'Primary script unknown\n'
[Tue Jun 01 11:02:47.482711 2021] [:error] [pid 9853:tid 47731274413824] [client 18.136.72.135:63875] File does not exist: /var/www/html/wp-login.php
[Tue Jun 01 12:14:45.376737 2021] [cgid:error] [pid 9850:tid 47731301730048] [client 82.151.125.221:15673] AH01264: script not found or unable to stat: /var/www/html/setup.cgi
[Tue Jun 01 13:48:45.454632 2021] [:error] [pid 9852:tid 47731274413824] [client 45.146.164.125:41150] File does not exist: /var/www/html/index.php
[Tue Jun 01 17:44:29.429657 2021] [proxy_fcgi:error] [pid 9855:tid 47731272312576] [client 45.146.164.125:52530] AH01071: Got error 'Primary script unknown\n'
[Tue Jun 01 19:40:12.963925 2021] [:error] [pid 9850:tid 47731287021312] [client 197.185.104.6:65253] File does not exist: /var/www/html/xmlrpc.php
[Tue Jun 01 19:46:08.613501 2021] [proxy_fcgi:error] [pid 9855:tid 47731284920064] [client 157.230.164.216:39436] AH01071: Got error 'Primary script unknown\n'
[Tue Jun 01 19:46:08.614320 2021] [proxy_fcgi:error] [pid 9851:tid 47731282818816] [client 157.230.164.216:39438] AH01071: Got error 'Primary script unknown\n'
[Wed Jun 02 01:43:40.590779 2021] [ssl:error] [pid 9850:tid 47731391350528] (EAI 2)Name or service not known: [client 192.241.206.189:40222] AH01972: could not resolve address of OCSP responder ocsp.sectigo.com
[Wed Jun 02 01:43:40.590910 2021] [ssl:error] [pid 9850:tid 47731391350528] AH01941: stapling_renew_response: responder error
[Wed Jun 02 06:58:19.627850 2021] [:error] [pid 9850:tid 47731389249280] [client 45.146.164.125:32884] File does not exist: /var/www/html/index.php
[Wed Jun 02 09:59:13.008399 2021] [proxy_fcgi:error] [pid 9852:tid 47731278616320] [client 79.137.34.21:35774] AH01071: Got error 'Primary script unknown\n'
[Wed Jun 02 13:16:54.185184 2021] [proxy_fcgi:error] [pid 9855:tid 47731310135040] [client 45.146.164.125:58144] AH01071: Got error 'Primary script unknown\n'
[Wed Jun 02 13:48:41.251099 2021] [proxy_fcgi:error] [pid 9855:tid 47731278616320] [client 93.114.86.226:37626] AH01071: Got error 'Primary script unknown\n'
[Wed Jun 02 21:10:41.337073 2021] [mpm_worker:notice] [pid 9829:tid 47730988500032] AH00295: caught SIGTERM, shutting down

[ N 2021-06-02 21:10:41.3545 9838/T6 age/Cor/CoreMain.cpp:671 ]: Signal received. Gracefully shutting down... (send signal 2 more time(s) to force shutdown)
[ N 2021-06-02 21:10:41.3546 9838/T1 age/Cor/CoreMain.cpp:1246 ]: Received command to shutdown gracefully. Waiting until all clients have disconnected...
[ N 2021-06-02 21:10:41.3550 9838/Tb Ser/Server.h:902 ]: [ServerThr.2] Freed 0 spare client objects
[ N 2021-06-02 21:10:41.3550 9838/Tb Ser/Server.h:558 ]: [ServerThr.2] Shutdown finished
[ N 2021-06-02 21:10:41.3554 9838/Tc Ser/Server.h:902 ]: [ApiServer] Freed 0 spare client objects
[ N 2021-06-02 21:10:41.3554 9838/Tc Ser/Server.h:558 ]: [ApiServer] Shutdown finished
[ N 2021-06-02 21:10:41.3554 9838/T6 Ser/Server.h:902 ]: [ServerThr.1] Freed 0 spare client objects
[ N 2021-06-02 21:10:41.3554 9838/T6 Ser/Server.h:558 ]: [ServerThr.1] Shutdown finished
[ N 2021-06-02 21:10:42.0125 9838/T1 age/Cor/CoreMain.cpp:1325 ]: Passenger core shutdown finished
[Wed Jun 02 21:10:42.077119 2021] [:notice] [pid 30620:tid 139950172895360] ModSecurity for Apache/2.9.3 (http://www.modsecurity.org/) configured.
[Wed Jun 02 21:10:42.077211 2021] [:notice] [pid 30620:tid 139950172895360] ModSecurity: APR compiled version="1.7.0"; loaded version="1.7.0"
[Wed Jun 02 21:10:42.077225 2021] [:notice] [pid 30620:tid 139950172895360] ModSecurity: PCRE compiled version="8.32 "; loaded version="8.32 2012-11-30"
[Wed Jun 02 21:10:42.077231 2021] [:notice] [pid 30620:tid 139950172895360] ModSecurity: LUA compiled version="Lua 5.1"
[Wed Jun 02 21:10:42.077235 2021] [:notice] [pid 30620:tid 139950172895360] ModSecurity: YAJL compiled version="2.0.4"
[Wed Jun 02 21:10:42.077238 2021] [:notice] [pid 30620:tid 139950172895360] ModSecurity: LIBXML compiled version="2.9.7"
[Wed Jun 02 21:10:42.077241 2021] [:notice] [pid 30620:tid 139950172895360] ModSecurity: Status engine is currently disabled, enable it by set SecStatusEngine to On.
[Wed Jun 02 21:10:42.078003 2021] [suexec:notice] [pid 30620:tid 139950172895360] AH01232: suEXEC mechanism enabled (wrapper: /usr/sbin/suexec)
[ N 2021-06-02 21:10:42.1116 30624/T1 age/Wat/WatchdogMain.cpp:1373 ]: Starting Passenger watchdog...
[ N 2021-06-02 21:10:42.1343 30627/T1 age/Cor/CoreMain.cpp:1340 ]: Starting Passenger core...
[ N 2021-06-02 21:10:42.1346 30627/T1 age/Cor/CoreMain.cpp:256 ]: Passenger core running in multi-application mode.
[ N 2021-06-02 21:10:42.1507 30627/T1 age/Cor/CoreMain.cpp:1015 ]: Passenger core online, PID 30627

[ N 2021-06-02 21:10:42.1797 30627/T8 age/Cor/CoreMain.cpp:671 ]: Signal received. Gracefully shutting down... (send signal 2 more time(s) to force shutdown)
[ N 2021-06-02 21:10:42.1798 30627/T1 age/Cor/CoreMain.cpp:1246 ]: Received command to shutdown gracefully. Waiting until all clients have disconnected...
[ N 2021-06-02 21:10:42.1799 30627/T8 Ser/Server.h:902 ]: [ServerThr.1] Freed 0 spare client objects
[ N 2021-06-02 21:10:42.1799 30627/T8 Ser/Server.h:558 ]: [ServerThr.1] Shutdown finished
[ N 2021-06-02 21:10:42.1836 30627/Tb Ser/Server.h:902 ]: [ServerThr.2] Freed 0 spare client objects
[ N 2021-06-02 21:10:42.1837 30627/Tb Ser/Server.h:558 ]: [ServerThr.2] Shutdown finished
[ N 2021-06-02 21:10:42.1955 30627/Td Ser/Server.h:902 ]: [ApiServer] Freed 0 spare client objects
[ N 2021-06-02 21:10:42.1956 30627/Td Ser/Server.h:558 ]: [ApiServer] Shutdown finished
[ N 2021-06-02 21:10:42.2546 30652/T1 age/Wat/WatchdogMain.cpp:1373 ]: Starting Passenger watchdog...
[ N 2021-06-02 21:10:42.2861 30656/T1 age/Cor/CoreMain.cpp:1340 ]: Starting Passenger core...
[ N 2021-06-02 21:10:42.2863 30656/T1 age/Cor/CoreMain.cpp:256 ]: Passenger core running in multi-application mode.
[ N 2021-06-02 21:10:42.2980 30656/T1 age/Cor/CoreMain.cpp:1015 ]: Passenger core online, PID 30656
[Wed Jun 02 21:10:42.316229 2021] [mpm_worker:notice] [pid 30620:tid 139950172895360] AH00292: Apache/2.4.48 (cPanel) OpenSSL/1.1.1k mod_bwlimited/1.4 Phusion_Passenger/6.0.7 configured -- resuming normal operations
[Wed Jun 02 21:10:42.316307 2021] [core:notice] [pid 30620:tid 139950172895360] AH00094: Command line: '/usr/sbin/httpd -D FOREGROUND'
[ N 2021-06-02 21:10:42.8492 30627/T1 age/Cor/TelemetryCollector.h:531 ]: Message from Phusion: End time can not be before or equal to begin time
[ N 2021-06-02 21:10:42.8808 30627/T1 age/Cor/CoreMain.cpp:1325 ]: Passenger core shutdown finished
[Wed Jun 02 21:10:44.660732 2021] [mpm_worker:notice] [pid 30620:tid 139950172895360] AH00295: caught SIGTERM, shutting down

